[2026-06-16 11:03:52] laravel.EMERGENCY: Unable to create configured logger. Using emergency logger. {"exception":"[object] (InvalidArgumentException(code: 0): Log [] is not defined. at /home/ubuntu/php-todo/vendor/laravel/framework/src/Illuminate/Log/LogManager.php:212)
[stacktrace]
#0 /home/ubuntu/php-todo/vendor/laravel/framework/src/Illuminate/Log/LogManager.php(137): Illuminate\\Log\\LogManager->resolve()
#1 /home/ubuntu/php-todo/vendor/laravel/framework/src/Illuminate/Log/LogManager.php(124): Illuminate\\Log\\LogManager->get()
#2 /home/ubuntu/php-todo/vendor/laravel/framework/src/Illuminate/Log/LogManager.php(681): Illuminate\\Log\\LogManager->driver()
#3 /home/ubuntu/php-todo/vendor/laravel/framework/src/Illuminate/Foundation/Exceptions/Handler.php(317): Illuminate\\Log\\LogManager->error()
#4 /home/ubuntu/php-todo/vendor/laravel/framework/src/Illuminate/Foundation/Exceptions/Handler.php(278): Illuminate\\Foundation\\Exceptions\\Handler->reportThrowable()
#5 /home/ubuntu/php-todo/vendor/laravel/framework/src/Illuminate/Foundation/Console/Kernel.php(523): Illuminate\\Foundation\\Exceptions\\Handler->report()
#6 /home/ubuntu/php-todo/vendor/laravel/framework/src/Illuminate/Foundation/Console/Kernel.php(203): Illuminate\\Foundation\\Console\\Kernel->reportException()
#7 /home/ubuntu/php-todo/artisan(33): Illuminate\\Foundation\\Console\\Kernel->handle()
#8 {main}
"} 
[2026-06-16 11:03:52] laravel.ERROR: The /home/ubuntu/php-todo/bootstrap/cache directory must be present and writable. {"exception":"[object] (Exception(code: 0): The /home/ubuntu/php-todo/bootstrap/cache directory must be present and writable. at /home/ubuntu/php-todo/vendor/laravel/framework/src/Illuminate/Foundation/PackageManifest.php:178)
[stacktrace]
#0 /home/ubuntu/php-todo/vendor/laravel/framework/src/Illuminate/Foundation/PackageManifest.php(131): Illuminate\\Foundation\\PackageManifest->write()
#1 /home/ubuntu/php-todo/vendor/laravel/framework/src/Illuminate/Foundation/PackageManifest.php(107): Illuminate\\Foundation\\PackageManifest->build()
#2 /home/ubuntu/php-todo/vendor/laravel/framework/src/Illuminate/Foundation/PackageManifest.php(90): Illuminate\\Foundation\\PackageManifest->getManifest()
#3 /home/ubuntu/php-todo/vendor/laravel/framework/src/Illuminate/Foundation/PackageManifest.php(79): Illuminate\\Foundation\\PackageManifest->config()
#4 /home/ubuntu/php-todo/vendor/laravel/framework/src/Illuminate/Foundation/Bootstrap/RegisterFacades.php(26): Illuminate\\Foundation\\PackageManifest->aliases()
#5 /home/ubuntu/php-todo/vendor/laravel/framework/src/Illuminate/Foundation/Application.php(286): Illuminate\\Foundation\\Bootstrap\\RegisterFacades->bootstrap()
#6 /home/ubuntu/php-todo/vendor/laravel/framework/src/Illuminate/Foundation/Console/Kernel.php(447): Illuminate\\Foundation\\Application->bootstrapWith()
#7 /home/ubuntu/php-todo/vendor/laravel/framework/src/Illuminate/Foundation/Console/Kernel.php(199): Illuminate\\Foundation\\Console\\Kernel->bootstrap()
#8 /home/ubuntu/php-todo/artisan(33): Illuminate\\Foundation\\Console\\Kernel->handle()
#9 {main}
"} 
[2026-06-16 19:14:55] laravel.EMERGENCY: Unable to create configured logger. Using emergency logger. {"exception":"[object] (InvalidArgumentException(code: 0): Log [] is not defined. at /home/ubuntu/php-todo/vendor/laravel/framework/src/Illuminate/Log/LogManager.php:212)
[stacktrace]
#0 /home/ubuntu/php-todo/vendor/laravel/framework/src/Illuminate/Log/LogManager.php(137): Illuminate\\Log\\LogManager->resolve()
#1 /home/ubuntu/php-todo/vendor/laravel/framework/src/Illuminate/Log/LogManager.php(124): Illuminate\\Log\\LogManager->get()
#2 /home/ubuntu/php-todo/vendor/laravel/framework/src/Illuminate/Log/LogManager.php(681): Illuminate\\Log\\LogManager->driver()
#3 /home/ubuntu/php-todo/vendor/laravel/framework/src/Illuminate/Foundation/Exceptions/Handler.php(317): Illuminate\\Log\\LogManager->error()
#4 /home/ubuntu/php-todo/vendor/laravel/framework/src/Illuminate/Foundation/Exceptions/Handler.php(278): Illuminate\\Foundation\\Exceptions\\Handler->reportThrowable()
#5 /home/ubuntu/php-todo/vendor/laravel/framework/src/Illuminate/Foundation/Console/Kernel.php(523): Illuminate\\Foundation\\Exceptions\\Handler->report()
#6 /home/ubuntu/php-todo/vendor/laravel/framework/src/Illuminate/Foundation/Console/Kernel.php(203): Illuminate\\Foundation\\Console\\Kernel->reportException()
#7 /home/ubuntu/php-todo/artisan(33): Illuminate\\Foundation\\Console\\Kernel->handle()
#8 {main}
"} 
[2026-06-16 19:14:55] laravel.ERROR: Command "test" is not defined.

Did you mean one of these?
    make:test
    schedule:test {"exception":"[object] (Symfony\\Component\\Console\\Exception\\CommandNotFoundException(code: 0): Command \"test\" is not defined.

Did you mean one of these?
    make:test
    schedule:test at /home/ubuntu/php-todo/vendor/symfony/console/Application.php:745)
[stacktrace]
#0 /home/ubuntu/php-todo/vendor/symfony/console/Application.php(266): Symfony\\Component\\Console\\Application->find()
#1 /home/ubuntu/php-todo/vendor/symfony/console/Application.php(175): Symfony\\Component\\Console\\Application->doRun()
#2 /home/ubuntu/php-todo/vendor/laravel/framework/src/Illuminate/Foundation/Console/Kernel.php(201): Symfony\\Component\\Console\\Application->run()
#3 /home/ubuntu/php-todo/artisan(33): Illuminate\\Foundation\\Console\\Kernel->handle()
#4 {main}
"} 
[2026-06-16 19:15:11] laravel.EMERGENCY: Unable to create configured logger. Using emergency logger. {"exception":"[object] (InvalidArgumentException(code: 0): Log [] is not defined. at /home/ubuntu/php-todo/vendor/laravel/framework/src/Illuminate/Log/LogManager.php:212)
[stacktrace]
#0 /home/ubuntu/php-todo/vendor/laravel/framework/src/Illuminate/Log/LogManager.php(137): Illuminate\\Log\\LogManager->resolve()
#1 /home/ubuntu/php-todo/vendor/laravel/framework/src/Illuminate/Log/LogManager.php(124): Illuminate\\Log\\LogManager->get()
#2 /home/ubuntu/php-todo/vendor/laravel/framework/src/Illuminate/Log/LogManager.php(681): Illuminate\\Log\\LogManager->driver()
#3 /home/ubuntu/php-todo/vendor/laravel/framework/src/Illuminate/Foundation/Exceptions/Handler.php(317): Illuminate\\Log\\LogManager->error()
#4 /home/ubuntu/php-todo/vendor/laravel/framework/src/Illuminate/Foundation/Exceptions/Handler.php(278): Illuminate\\Foundation\\Exceptions\\Handler->reportThrowable()
#5 /home/ubuntu/php-todo/vendor/laravel/framework/src/Illuminate/Foundation/Console/Kernel.php(523): Illuminate\\Foundation\\Exceptions\\Handler->report()
#6 /home/ubuntu/php-todo/vendor/laravel/framework/src/Illuminate/Foundation/Console/Kernel.php(203): Illuminate\\Foundation\\Console\\Kernel->reportException()
#7 /home/ubuntu/php-todo/artisan(33): Illuminate\\Foundation\\Console\\Kernel->handle()
#8 {main}
"} 
[2026-06-16 19:15:11] laravel.ERROR: Command "test" is not defined.

Did you mean one of these?
    make:test
    schedule:test {"exception":"[object] (Symfony\\Component\\Console\\Exception\\CommandNotFoundException(code: 0): Command \"test\" is not defined.

Did you mean one of these?
    make:test
    schedule:test at /home/ubuntu/php-todo/vendor/symfony/console/Application.php:745)
[stacktrace]
#0 /home/ubuntu/php-todo/vendor/symfony/console/Application.php(266): Symfony\\Component\\Console\\Application->find()
#1 /home/ubuntu/php-todo/vendor/symfony/console/Application.php(175): Symfony\\Component\\Console\\Application->doRun()
#2 /home/ubuntu/php-todo/vendor/laravel/framework/src/Illuminate/Foundation/Console/Kernel.php(201): Symfony\\Component\\Console\\Application->run()
#3 /home/ubuntu/php-todo/artisan(33): Illuminate\\Foundation\\Console\\Kernel->handle()
#4 {main}
"} 
